=== Evaluating branch: blackhatbash ===
-> Total commits detected: 84
--- PROCESSED LOGS DETAIL ---
   Commit detected -> Day: Wednesday | Local time: 13:20 (800 min)
   [+] VALID! This commit matches class hours.
   Commit detected -> Day: Wednesday | Local time: 13:14 (794 min)
   [+] VALID! This commit matches class hours.
   Commit detected -> Day: Wednesday | Local time: 13:12 (792 min)
   [+] VALID! This commit matches class hours.
   Commit detected -> Day: Wednesday | Local time: 12:58 (778 min)
   [+] VALID! This commit matches class hours.
   Commit detected -> Day: Wednesday | Local time: 12:44 (764 min)
   [+] VALID! This commit matches class hours.
   Commit detected -> Day: Wednesday | Local time: 12:43 (763 min)
   [+] VALID! This commit matches class hours.
   Commit detected -> Day: Monday | Local time: 13:50 (830 min)
   [+] VALID! This commit matches class hours.
   Commit detected -> Day: Monday | Local time: 13:41 (821 min)
   [+] VALID! This commit matches class hours.
   Commit detected -> Day: Monday | Local time: 13:14 (794 min)
   [+] VALID! This commit matches class hours.
   Commit detected -> Day: Monday | Local time: 13:12 (792 min)
   [+] VALID! This commit matches class hours.
   Commit detected -> Day: Monday | Local time: 13:06 (786 min)
   [+] VALID! This commit matches class hours.
   Commit detected -> Day: Monday | Local time: 12:58 (778 min)
   [+] VALID! This commit matches class hours.
   Commit detected -> Day: Monday | Local time: 12:53 (773 min)
   [+] VALID! This commit matches class hours.
   Commit detected -> Day: Monday | Local time: 12:50 (770 min)
   [+] VALID! This commit matches class hours.
   Commit detected -> Day: Monday | Local time: 12:42 (762 min)
   [+] VALID! This commit matches class hours.
   Commit detected -> Day: Monday | Local time: 12:40 (760 min)
   [+] VALID! This commit matches class hours.
   Commit detected -> Day: Monday | Local time: 12:37 (757 min)
   [+] VALID! This commit matches class hours.
   Commit detected -> Day: Monday | Local time: 12:36 (756 min)
   [+] VALID! This commit matches class hours.
   Commit detected -> Day: Monday | Local time: 12:33 (753 min)
   [+] VALID! This commit matches class hours.
   Commit detected -> Day: Monday | Local time: 12:27 (747 min)
   [+] VALID! This commit matches class hours.
   Commit detected -> Day: Wednesday | Local time: 13:46 (826 min)
   [+] VALID! This commit matches class hours.
   Commit detected -> Day: Wednesday | Local time: 13:40 (820 min)
   [+] VALID! This commit matches class hours.
   Commit detected -> Day: Wednesday | Local time: 13:30 (810 min)
   [+] VALID! This commit matches class hours.
   Commit detected -> Day: Wednesday | Local time: 13:25 (805 min)
   [+] VALID! This commit matches class hours.
   Commit detected -> Day: Wednesday | Local time: 13:14 (794 min)
   [+] VALID! This commit matches class hours.
   Commit detected -> Day: Wednesday | Local time: 13:07 (787 min)
   [+] VALID! This commit matches class hours.
   Commit detected -> Day: Wednesday | Local time: 12:55 (775 min)
   [+] VALID! This commit matches class hours.
   Commit detected -> Day: Wednesday | Local time: 12:48 (768 min)
   [+] VALID! This commit matches class hours.
   Commit detected -> Day: Wednesday | Local time: 12:41 (761 min)
   [+] VALID! This commit matches class hours.
   Commit detected -> Day: Wednesday | Local time: 12:34 (754 min)
   [+] VALID! This commit matches class hours.
   Commit detected -> Day: Wednesday | Local time: 12:33 (753 min)
   [+] VALID! This commit matches class hours.
   Commit detected -> Day: Wednesday | Local time: 12:30 (750 min)
   [+] VALID! This commit matches class hours.
   Commit detected -> Day: Wednesday | Local time: 12:28 (748 min)
   [+] VALID! This commit matches class hours.
   Commit detected -> Day: Wednesday | Local time: 12:24 (744 min)
   [+] VALID! This commit matches class hours.
   Commit detected -> Day: Monday | Local time: 13:43 (823 min)
   [+] VALID! This commit matches class hours.
   Commit detected -> Day: Monday | Local time: 13:25 (805 min)
   [+] VALID! This commit matches class hours.
   Commit detected -> Day: Monday | Local time: 13:15 (795 min)
   [+] VALID! This commit matches class hours.
   Commit detected -> Day: Monday | Local time: 13:08 (788 min)
   [+] VALID! This commit matches class hours.
   Commit detected -> Day: Monday | Local time: 12:57 (777 min)
   [+] VALID! This commit matches class hours.
   Commit detected -> Day: Monday | Local time: 12:49 (769 min)
   [+] VALID! This commit matches class hours.
   Commit detected -> Day: Monday | Local time: 12:41 (761 min)
   [+] VALID! This commit matches class hours.
   Commit detected -> Day: Wednesday | Local time: 13:39 (819 min)
   [+] VALID! This commit matches class hours.
   Commit detected -> Day: Wednesday | Local time: 13:34 (814 min)
   [+] VALID! This commit matches class hours.
   Commit detected -> Day: Wednesday | Local time: 13:16 (796 min)
   [+] VALID! This commit matches class hours.
   Commit detected -> Day: Wednesday | Local time: 13:09 (789 min)
   [+] VALID! This commit matches class hours.
   Commit detected -> Day: Wednesday | Local time: 12:48 (768 min)
   [+] VALID! This commit matches class hours.
   Commit detected -> Day: Wednesday | Local time: 12:46 (766 min)
   [+] VALID! This commit matches class hours.
   Commit detected -> Day: Wednesday | Local time: 12:39 (759 min)
   [+] VALID! This commit matches class hours.
   Commit detected -> Day: Wednesday | Local time: 12:29 (749 min)
   [+] VALID! This commit matches class hours.
   Commit detected -> Day: Wednesday | Local time: 12:25 (745 min)
   [+] VALID! This commit matches class hours.
   Commit detected -> Day: Wednesday | Local time: 12:23 (743 min)
   [+] VALID! This commit matches class hours.
   Commit detected -> Day: Monday | Local time: 13:54 (834 min)
   [+] VALID! This commit matches class hours.
   Commit detected -> Day: Monday | Local time: 13:40 (820 min)
   [+] VALID! This commit matches class hours.
   Commit detected -> Day: Monday | Local time: 13:37 (817 min)
   [+] VALID! This commit matches class hours.
   Commit detected -> Day: Monday | Local time: 13:35 (815 min)
   [+] VALID! This commit matches class hours.
   Commit detected -> Day: Monday | Local time: 13:18 (798 min)
   [+] VALID! This commit matches class hours.
   Commit detected -> Day: Monday | Local time: 13:04 (784 min)
   [+] VALID! This commit matches class hours.
   Commit detected -> Day: Monday | Local time: 12:49 (769 min)
   [+] VALID! This commit matches class hours.
   Commit detected -> Day: Monday | Local time: 12:31 (751 min)
   [+] VALID! This commit matches class hours.
   Commit detected -> Day: Wednesday | Local time: 13:53 (833 min)
   [+] VALID! This commit matches class hours.
   Commit detected -> Day: Wednesday | Local time: 13:48 (828 min)
   [+] VALID! This commit matches class hours.
   Commit detected -> Day: Wednesday | Local time: 13:21 (801 min)
   [+] VALID! This commit matches class hours.
   Commit detected -> Day: Wednesday | Local time: 13:12 (792 min)
   [+] VALID! This commit matches class hours.
   Commit detected -> Day: Wednesday | Local time: 12:11 (731 min)
   [+] VALID! This commit matches class hours.
   Commit detected -> Day: Wednesday | Local time: 17:25 (1045 min)
   Commit detected -> Day: Wednesday | Local time: 17:15 (1035 min)
   Commit detected -> Day: Wednesday | Local time: 16:59 (1019 min)
   Commit detected -> Day: Wednesday | Local time: 16:54 (1014 min)
   Commit detected -> Day: Wednesday | Local time: 16:51 (1011 min)
   Commit detected -> Day: Wednesday | Local time: 16:22 (982 min)
   Commit detected -> Day: Monday | Local time: 13:43 (823 min)
   [+] VALID! This commit matches class hours.
   Commit detected -> Day: Monday | Local time: 13:19 (799 min)
   [+] VALID! This commit matches class hours.
   Commit detected -> Day: Monday | Local time: 13:15 (795 min)
   [+] VALID! This commit matches class hours.
   Commit detected -> Day: Monday | Local time: 13:12 (792 min)
   [+] VALID! This commit matches class hours.
   Commit detected -> Day: Monday | Local time: 13:06 (786 min)
   [+] VALID! This commit matches class hours.
   Commit detected -> Day: Monday | Local time: 13:01 (781 min)
   [+] VALID! This commit matches class hours.
   Commit detected -> Day: Monday | Local time: 12:59 (779 min)
   [+] VALID! This commit matches class hours.
   Commit detected -> Day: Monday | Local time: 12:58 (778 min)
   [+] VALID! This commit matches class hours.
   Commit detected -> Day: Monday | Local time: 12:53 (773 min)
   [+] VALID! This commit matches class hours.
   Commit detected -> Day: Monday | Local time: 12:36 (756 min)
   [+] VALID! This commit matches class hours.
   Commit detected -> Day: Monday | Local time: 12:30 (750 min)
   [+] VALID! This commit matches class hours.
   Commit detected -> Day: Wednesday | Local time: 14:01 (841 min)
   Commit detected -> Day: Wednesday | Local time: 13:49 (829 min)
   [+] VALID! This commit matches class hours.
   Commit detected -> Day: Wednesday | Local time: 02:41 (161 min)
----------------------------------
-> Valid commits found during class hours: 76
-> Analyzing comment quality in .sh files...
--------------------------------------------
GRADING SCORE RESULTS (Scale 1-100)
--------------------------------------------
1. Commit Volume       (Max 30): 30 pts
2. Schedule Alignment  (Max 30): 30 pts
3. Comment Quality     (Max 40): 38 pts
--------------------------------------------
FINAL GRADE:                     98 / 100
--------------------------------------------
